{"level":"error","source":"app-users","time":"2026-04-25:12:53:16.757","message":"Redis::connectToRedis()::No redis host configured. Using default host instead"}
{"level":"error","source":"app-users","time":"2026-04-25:12:53:16.757","message":"Redis::connectToRedis()::No redis password configured. Using default password instead"}
{"level":"error","source":"app-users","time":"2026-04-25:12:53:20.160","message":"Redis::connectToRedis()::Failed to connect to Redis: dial tcp: lookup redis-service on 127.0.0.53:53: server misbehaving"}
{"level":"info","source":"app-users","time":"2026-04-25:12:53:20.161","message":"Redis::connectToRedis()::connected to redis:redis-service:6379"}
{"level":"warning","source":"app-users","time":"2026-04-25:12:53:20.161","message":"Mongo::ConnectToMongo()::Mongo env vars missing, using defaultHost: mongo-service:27017"}
{"level":"info","source":"app-users","time":"2026-04-25:12:53:20.161","message":"Mongo::ConnectToMongo()::Attempting Mongo connection: mongodb://user:****@mongo-service:27017"}
{"level":"error","source":"app-users","time":"2026-04-25:12:57:00.529","message":"Redis::connectToRedis()::No redis host configured. Using default host instead"}
{"level":"error","source":"app-users","time":"2026-04-25:12:57:00.529","message":"Redis::connectToRedis()::No redis password configured. Using default password instead"}
{"level":"error","source":"app-users","time":"2026-04-25:12:57:03.931","message":"Redis::connectToRedis()::Failed to connect to Redis: dial tcp: lookup redis-service on 127.0.0.53:53: server misbehaving"}
{"level":"info","source":"app-users","time":"2026-04-25:12:57:03.932","message":"Redis::connectToRedis()::connected to redis:redis-service:6379"}
{"level":"warning","source":"app-users","time":"2026-04-25:12:57:03.932","message":"Mongo::ConnectToMongo()::Mongo env vars missing, using defaultHost: mongo-service:27017"}
{"level":"info","source":"app-users","time":"2026-04-25:12:57:03.932","message":"Mongo::ConnectToMongo()::Attempting Mongo connection: mongodb://user:****@mongo-service:27017"}
{"level":"info","source":"app-users","time":"2026-04-25:12:57:03.970","message":"Mongo::ConnectToMongo()::Connected to MongoDB"}
{"level":"info","source":"app-users","time":"2026-04-25:12:57:03.970","message":"Connecting to broker","value":{"brokerURL":"localhost:1883","password":"password","user":"user"}}
{"level":"info","source":"app-users","time":"2026-04-25:12:57:03.986","message":"Connected to broker","value":"localhost:1883"}
{"level":"info","source":"app-users","time":"2026-04-25:12:57:04.034","message":"Main::main()::Server is running on","value":{"host":"127.0.0.1","port":"3001"}}
{"level":"error","source":"app-users","time":"2026-04-25:13:21:09.211","message":"Lib::ListenAndServe()::error: http: Server closed"}
{"level":"error","source":"app-users","time":"2026-04-25:13:21:09.211","message":"Main::main()::ListenAndServe()::http: Server closed"}
{"level":"info","source":"app-users","time":"2026-04-25:13:21:09.211"}
{"level":"info","source":"app-users","time":"2026-04-25:13:36:51.906","message":"Redis::connectToRedis()::connected to redis:localhost:6379"}
{"level":"info","source":"app-users","time":"2026-04-25:13:36:51.906","message":"Mongo::ConnectToMongo()::Attempting Mongo connection: mongodb://user:password@127.0.0.1:27017/?authSource=admin"}
{"level":"info","source":"app-users","time":"2026-04-25:13:36:51.942","message":"Mongo::ConnectToMongo()::Connected to MongoDB"}
{"level":"info","source":"app-users","time":"2026-04-25:13:36:51.943","message":"Connecting to broker","value":{"brokerURL":"localhost:1883","password":"password","user":"user"}}
{"level":"info","source":"app-users","time":"2026-04-25:13:36:51.954","message":"Connected to broker","value":"localhost:1883"}
{"level":"info","source":"app-users","time":"2026-04-25:13:36:52.001","message":"Main::main()::Server is running on","value":{"host":"127.0.0.1","port":"3001"}}
{"level":"info","source":"app-users","time":"2026-04-25:13:45:28.951","message":"Processing: map[payload:{\"event\":\"get_users\",\"params\":{},\"topic\":\"v1/users/request\"} responseTopic:v1/users/request/7dda44ce-fa52-4122-9196-8da1a32cae87 topic:v1/users/request]"}
{"level":"error","source":"app-users","time":"2026-04-25:13:52:20.466","message":"Lib::ListenAndServe()::error: http: Server closed"}
{"level":"info","source":"app-users","time":"2026-04-25:13:52:20.466","message":"Main::main()::App exited cleanly"}
{"level":"error","source":"app-users","time":"2026-04-25:13:52:20.466","message":"Main::main()::ListenAndServe()::http: Server closed"}
{"level":"info","source":"app-users","time":"2026-04-25:13:53:27.202","message":"Redis::connectToRedis()::connected to redis on: localhost:6379"}
{"level":"info","source":"app-users","time":"2026-04-25:13:53:27.232","message":"Mongo::ConnectToMongo()::Connected to MongoDB on: mongodb://user:password@127.0.0.1:27017/?authSource=admin"}
{"level":"info","source":"app-users","time":"2026-04-25:13:53:27.232","message":"Connecting to broker","value":{"brokerURL":"localhost:1883","password":"password","user":"user"}}
{"level":"info","source":"app-users","time":"2026-04-25:13:53:27.239","message":"Connected to broker","value":"localhost:1883"}
{"level":"info","source":"app-users","time":"2026-04-25:13:53:27.287","message":"Main::main()::Server is running on","value":{"host":"127.0.0.1","port":"3001"}}
{"level":"info","source":"app-users","time":"2026-04-25:13:53:46.408","message":"Processing: map[payload:{\"event\":\"get_users\",\"params\":{},\"topic\":\"v1/users/request\"} responseTopic:v1/users/request/6424d361-c6ff-4f88-9c71-ef266fadd980 topic:v1/users/request]"}
{"level":"error","source":"app-users","time":"2026-04-25:13:58:48.300","message":"Lib::ListenAndServe()::error: http: Server closed"}
{"level":"error","source":"app-users","time":"2026-04-25:13:58:48.300","message":"Main::main()::ListenAndServe()::http: Server closed"}
{"level":"info","source":"app-users","time":"2026-04-25:13:58:48.300","message":"Main::main()::App exited cleanly"}
{"level":"info","source":"app-users","time":"2026-04-25:14:03:03.498","message":"Redis::connectToRedis()::connected to redis on: localhost:6379"}
{"level":"info","source":"app-users","time":"2026-04-25:14:03:03.521","message":"Mongo::ConnectToMongo()::Connected to MongoDB on: mongodb://user:password@127.0.0.1:27017/?authSource=admin"}
{"level":"info","source":"app-users","time":"2026-04-25:14:03:03.521","message":"Connecting to broker","value":{"brokerURL":"localhost:1883","password":"password","user":"user"}}
{"level":"info","source":"app-users","time":"2026-04-25:14:03:03.534","message":"Connected to broker","value":"localhost:1883"}
{"level":"info","source":"app-users","time":"2026-04-25:14:03:03.579","message":"Main::main()::Server is running on","value":{"host":"127.0.0.1","port":"3001"}}
{"level":"info","source":"app-users","time":"2026-04-25:14:04:01.058","message":"Processing: map[payload:{\"event\":\"get_users\",\"params\":{},\"topic\":\"v1/users/request\"} responseTopic:v1/users/request/f4971b63-37b6-4b71-a44b-41f0df9e6ec2 topic:v1/users/request]"}
{"level":"info","source":"app-users","time":"2026-04-25:14:08:19.717","message":"Processing: map[payload:{\"event\":\"get_users\",\"params\":{},\"topic\":\"v1/users/request\"} responseTopic:v1/users/request/8063a368-446f-489e-bca1-25f7649ab22d topic:v1/users/request]"}
{"level":"info","source":"app-users","time":"2026-04-25:14:11:01.131","message":"Processing: map[payload:{\"event\":\"get_users\",\"params\":{},\"topic\":\"v1/users/request\"} responseTopic:v1/users/request/8f446a45-4b7d-4eef-b1e8-5bc5b0da7e8d topic:v1/users/request]"}
{"level":"info","source":"app-users","time":"2026-04-25:14:11:46.658","message":"Processing: map[payload:{\"event\":\"get_users\",\"params\":{},\"topic\":\"v1/users/request\"} responseTopic:v1/users/request/e55dff3f-a117-4f05-a8da-ddac10102cec topic:v1/users/request]"}
{"level":"info","source":"app-users","time":"2026-04-25:14:12:22.418","message":"Processing: map[payload:{\"event\":\"get_users\",\"params\":{},\"topic\":\"v1/users/request\"} responseTopic:v1/users/request/adc48140-ff34-43c1-8ffb-3cd820b734cb topic:v1/users/request]"}
{"level":"info","source":"app-users","time":"2026-04-25:14:15:13.060","message":"Processing: map[payload:{\"event\":\"get_users\",\"params\":{},\"topic\":\"v1/users/request\"} responseTopic:v1/users/request/c08b6835-7c10-4d56-9dfa-b2d477ca1d1e topic:v1/users/request]"}
{"level":"info","source":"app-users","time":"2026-04-25:14:21:43.370","message":"Processing: map[payload:{\"event\":\"get_users\",\"params\":{},\"topic\":\"v1/users/request\"} responseTopic:v1/users/request/dfee3a18-9f1b-4126-8533-1d75e0bf447a topic:v1/users/request]"}
{"level":"info","source":"app-users","time":"2026-04-25:14:24:15.224","message":"Processing: map[payload:{\"event\":\"get_users\",\"params\":{},\"topic\":\"v1/users/request\"} responseTopic:v1/users/request/f176fd6c-2943-4342-9992-484eb4fea8dd topic:v1/users/request]"}
{"level":"info","source":"app-users","time":"2026-04-25:14:37:42.950","message":"Processing: map[payload:{\"event\":\"get_users\",\"params\":{},\"topic\":\"v1/users/request\"} responseTopic:v1/users/request/d6977621-277d-4130-a72c-75f1ade3d5ce topic:v1/users/request]"}
{"level":"error","source":"app-users","time":"2026-04-25:14:37:55.333","message":"MQTT client error: EOF"}
{"level":"error","source":"app-users","time":"2026-04-25:14:37:58.838","message":"Lib::ListenAndServe()::error: http: Server closed"}
{"level":"error","source":"app-users","time":"2026-04-25:14:37:58.838","message":"Main::main()::ListenAndServe()::http: Server closed"}
{"level":"error","source":"app-users","time":"2026-04-25:14:37:58.838"}
{"level":"error","source":"app-users","time":"2026-04-25:14:37:58.838","message":"Network error during unsubscribe: no connection available"}
{"level":"error","source":"app-users","time":"2026-04-25:14:37:58.838","message":"AppGateWay::Start()::Failed to disconnect from broker: writev tcp 127.0.0.1:54848-\u003e127.0.0.1:1883: use of closed network connection"}
